{"junit":{"tests":[{"browser":"PhantomJS 1.9.1 (Mac OS X)","tests":9,"failures":5,"errors":1,"time":0.009,"failureDetails":[{"name":"it should return value as value"},{"name":"it should return value as value"},{"name":"it should return value as value"},{"name":"it should return value as value"},{"name":"it should return value as value"}]},{"browser":"Chrome 30.0.1599 (Mac OS X 10.8.5)","tests":5,"failures":5,"errors":1,"time":0.026,"failureDetails":[{"name":"it should return value as value"},{"name":"it should return value as value"},{"name":"it should return value as value"},{"name":"it should return value as value"},{"name":"it should return value as value"}]}],"coverage":[{"browser":"Chrome 30.0.1599 (Mac OS X 10.8.5)","lines":81.82,"branches":100,"functions":50,"statements":81.82}]},"e2e":{"tests":[{"browser":"PhantomJS 1.9.1 (Mac OS X)","tests":5,"failures":5,"errors":0,"time":0.009,"failureDetails":[{"name":"it should return value as value"},{"name":"it should return value as value"},{"name":"it should return value as value"},{"name":"it should return value as value"}]},{"browser":"Chrome 30.0.1599 (Mac OS X 10.8.5)","tests":5,"failures":5,"errors":1,"time":0.026,"failureDetails":[{"name":"it should return value as value"},{"name":"it should return value as value"},{"name":"it should return value as value"},{"name":"it should return value as value"},{"name":"it should return value as value"}]}],"coverage":[{"browser":"Chrome 30.0.1599 (Mac OS X 10.8.5)","lines":81.82,"branches":100,"functions":50,"statements":81.82}]},"jshint":{"tests":1,"failures":4,"errors":0,"consoleStatements":1}}